GAMS 25.1.3  r4e34d435fbd Released Oct 30, 2018 WEX-WEI x86 64bit/MS Windows - 11/18/19 14:14:52 Page 1
G e n e r a l   A l g e b r a i c   M o d e l i n g   S y s t e m
C o m p i l a t i o n


   1  set
   2      i posiciones geograficas del mercado /AS,AN,EU,AF,ASI,OC/
   3  *   j factorias /A,B,C,D/
   4      q factoria1 /A,B/
   5      w factoria2 /C,D/
   6  *    k puertos /Bilbao,Roterdan,Amberes,Barcelona,Valencia,Marsella/
   7      l puertos1/Bilbao,Roterdan,Amberes/
   8      p puertos2 /Barcelona,Valencia,Marsella/
   9      t centros de ensamblaje /Madrid, Paris/
  10  ;
  11   
  12  TABLE
  13      CosteFP1(q,l) Coste de transporte por unidades desde las factorias A y B hasta los puertos 1
  14   
  15            Bilbao    Roterdan   Amberes
  16   
  17      A       9           8           2
  18      B       6           6           9
  19   
  20  ;
  21   
  22  TABLE
  23      CosteFP2(w,p) Coste de transporte por unidades desde las factorias C y D hasta los puertos 2
  24   
  25          Barcelona   Valencia    Marsella
  26      C       9          7            7
  27      D       6          6            8
  28  ;
  29  TABLE
  30      CostePC1(t,l) Coste de transporte de unidades de los puertos 1 a los centros de ensamblaje
  31   
  32              Bilbao  Roterdan    Amberes
  33   
  34      Madrid     3        4           2
  35      Paris      4        2           3
  36  ;
  37   
  38  TABLE
  39      CostePC2(t,p) Coste de transporte de unidades de los puesrtos 2 a los centros de ensamblaje
  40   
  41              Barcelona   Valencia    Marsella
  42      Madrid      4           3           2
  43      Paris       5           3           1
  44  ;
  45   
  46  Parameter
  47  *Produccion maxima de las factorias1
  48      ProdMaxFact1(q)
  49          / A 28000
  50            B 25000/
  51  *Produccion maxima de las factorias2
  52      ProdMaxFact2(w)
  53            /C 35000
  54             D 15000 /
  55   
  56  *Capacidad maxima de esamblaje de las fabricas
  57      CapaMaxEsam(t)
  58          / Madrid 25000
  59            Paris  25000 /
  60   
  61  *Cantidad maxima de producto que puede circular por cada puerto
  62      ProductoPorPuerto1(l)
  63          / Bilbao    18000
  64            Roterdan  18000
  65            Amberes   18000/
  66   
  67      ProductoPorPuerto2(p)
  68           /Barcelona 18000
  69            Valencia  18000
  70            Marsella  18000 /
  71   
  72  *Minimi de demanda del producto final a cada uno de los mercados
  73      MinDemanda(i)
  74          / AS    5000
  75            AN    5000
  76            EU    5000
  77            AF    5000
  78            ASI   5000
  79            OC    5000 /
  80   
  81  *Maximo de demanda del prodcuto final a cada uno de los mercados
  82      MaxDemanda(i)
  83          / AS    10000
  84            AN    10000
  85            EU    10000
  86            AF    10000
  87            ASI   10000
  88            OC    10000 /
  89   
  90  *Beneficio Obtenido por cada unidad
  91      Beneficio(i)
  92          / AS    20
  93            AN    25
  94            EU    30
  95            AF    10
  96            ASI   15
  97            OC    12 /
  98  ;
  99  Free variable
 100      z beneficio menos los costes
 101  ;
 102  *Vamos a tener  tres variables
 103  *  Xi numero de unidades vendidas en el mercado i
 104  *  Fjk numero de componentes que estan en la factoria j y van al puerto k
 105  *  Ptk numero de componenetes que son transportados del puerto k al centro de ensamblaje t
 106  positive variable
 107      x(i) numero de unidades vendidas en el mercado i
 108      F(q,l) numero de componenetes que salen de la  factoria q  y van a los puertos l
 109      Y(w,p) numeor de componenetes que salen de la factoria w  y van a los puertos p
 110      G(t,l) numero de componentes que son transportados del puerto l al centro de ensamblaje t
 111      O(t,p) numero de componentes que son transportado del puerto p al centro de ensamblaje t
 112   
 113  ;
 114   
 115  equations
 116      obj funcion objetivo que quiere maximizar los beneficios
 117      prodMax1(q,l) produccion maxima en las factorias componente 1
 118      prodMax2(w,p) produccion maxima en las factorias componente 2
 119      prodMin1(q,l) produccion minimo en las factorias componente 1
 120      prodMin2(w,p) produccion minimo en las factorias componente 2
 121      MaxEsam(t,l,p)  capacidad maxima de ensamblaje de las fabricas de Madrid y Paris
 122      ProdMaxPuertos1(t,l) producto maximo que puede circular por los puertos 1
 123      ProdMaxPuertos2(t,p) producto maximo que puede circular por los puertos 2
 124      MinMercado(i) minimo de producto que debe de llegar a los mercados
 125      MaxMercado(i) maximo de producto que debe de llegar a los mercados
 126  ;
 127   
 128  obj.. sum(i,x(i)*Beneficio(i))-(sum((q,l),F(q,l)*CosteFP1(q,l))+sum((w,p),Y(w,p)*CosteFP2(w,p))+sum((t,l),G(t,l)*CostePC1(t,l))+sum((t,p),O(t,p)*CostePC2(t,p)))=e=z;
 129  prodMax1(q,l).. F(q,l)=l=ProdMaxFact1(q);
 130  prodMax2(w,p).. Y(w,p)=l=ProdMaxFact2(w);
 131  prodMin1(q,l).. F(q,l)=g=30000;
 132  prodMin2(w,p).. Y(w,p)=g=30000;
 133  MaxEsam(t,l,p).. G(t,l)+O(t,p)=l=CapaMaxEsam(t);
 134  ProdMaxPuertos1(t,l).. G(t,l)=l=ProductoPorPuerto1(l);
 135  ProdMaxPuertos2(t,p).. O(t,p)=l=ProductoPorPuerto2(p);
 136  MinMercado(i).. x(i)=g=MinDemanda(i);
 137  MaxMercado(i).. x(i)=l=MaxDemanda(i);
 138   
 139   
 140  Model producto /obj,prodMax1,prodMax2,prodMin1,prodMin2,MaxEsam,ProdMaxPuertos1,ProdMaxPuertos2,MinMercado,MaxMercado/
 141   
 142  Solve producto using lp maximizing z;
 143   


COMPILATION TIME     =        0.000 SECONDS      3 MB  25.1.3 r4e34d435fbd WEX-WEI
GAMS 25.1.3  r4e34d435fbd Released Oct 30, 2018 WEX-WEI x86 64bit/MS Windows - 11/18/19 14:14:52 Page 2
G e n e r a l   A l g e b r a i c   M o d e l i n g   S y s t e m
Equation Listing    SOLVE producto Using LP From line 142


---- obj  =E=  funcion objetivo que quiere maximizar los beneficios

obj..  - z + 20*x(AS) + 25*x(AN) + 30*x(EU) + 10*x(AF) + 15*x(ASI) + 12*x(OC) - 9*F(A,Bilbao) - 8*F(A,Roterdan) - 2*F(A,Amberes) - 6*F(B,Bilbao) - 6*F(B,Roterdan) - 9*F(B,Amberes) - 9*Y(C,Barcelona) - 7*Y(C,Valencia) - 7*Y(C,Marsella) - 6*Y(D,Barcelona)
     
      - 6*Y(D,Valencia) - 8*Y(D,Marsella) - 3*G(Madrid,Bilbao) - 4*G(Madrid,Roterdan) - 2*G(Madrid,Amberes) - 4*G(Paris,Bilbao) - 2*G(Paris,Roterdan) - 3*G(Paris,Amberes) - 4*O(Madrid,Barcelona) - 3*O(Madrid,Valencia) - 2*O(Madrid,Marsella)
     
      - 5*O(Paris,Barcelona) - 3*O(Paris,Valencia) - O(Paris,Marsella) =E= 0 ; (LHS = 0)
     

---- prodMax1  =L=  produccion maxima en las factorias componente 1

prodMax1(A,Bilbao)..  F(A,Bilbao) =L= 28000 ; (LHS = 0)
     
prodMax1(A,Roterdan)..  F(A,Roterdan) =L= 28000 ; (LHS = 0)
     
prodMax1(A,Amberes)..  F(A,Amberes) =L= 28000 ; (LHS = 0)
     
REMAINING 3 ENTRIES SKIPPED


---- prodMax2  =L=  produccion maxima en las factorias componente 2

prodMax2(C,Barcelona)..  Y(C,Barcelona) =L= 35000 ; (LHS = 0)
     
prodMax2(C,Valencia)..  Y(C,Valencia) =L= 35000 ; (LHS = 0)
     
prodMax2(C,Marsella)..  Y(C,Marsella) =L= 35000 ; (LHS = 0)
     
REMAINING 3 ENTRIES SKIPPED


---- prodMin1  =G=  produccion minimo en las factorias componente 1

prodMin1(A,Bilbao)..  F(A,Bilbao) =G= 30000 ; (LHS = 0, INFES = 30000 ****)
     
prodMin1(A,Roterdan)..  F(A,Roterdan) =G= 30000 ; (LHS = 0, INFES = 30000 ****)
     
prodMin1(A,Amberes)..  F(A,Amberes) =G= 30000 ; (LHS = 0, INFES = 30000 ****)
     
REMAINING 3 ENTRIES SKIPPED


---- prodMin2  =G=  produccion minimo en las factorias componente 2

prodMin2(C,Barcelona)..  Y(C,Barcelona) =G= 30000 ; (LHS = 0, INFES = 30000 ****)
     
prodMin2(C,Valencia)..  Y(C,Valencia) =G= 30000 ; (LHS = 0, INFES = 30000 ****)
     
prodMin2(C,Marsella)..  Y(C,Marsella) =G= 30000 ; (LHS = 0, INFES = 30000 ****)
     
REMAINING 3 ENTRIES SKIPPED


---- MaxEsam  =L=  capacidad maxima de ensamblaje de las fabricas de Madrid y Paris

MaxEsam(Madrid,Bilbao,Barcelona)..  G(Madrid,Bilbao) + O(Madrid,Barcelona) =L= 25000 ; (LHS = 0)
     
MaxEsam(Madrid,Bilbao,Valencia)..  G(Madrid,Bilbao) + O(Madrid,Valencia) =L= 25000 ; (LHS = 0)
     
MaxEsam(Madrid,Bilbao,Marsella)..  G(Madrid,Bilbao) + O(Madrid,Marsella) =L= 25000 ; (LHS = 0)
     
REMAINING 15 ENTRIES SKIPPED


---- ProdMaxPuertos1  =L=  producto maximo que puede circular por los puertos 1

ProdMaxPuertos1(Madrid,Bilbao)..  G(Madrid,Bilbao) =L= 18000 ; (LHS = 0)
     
ProdMaxPuertos1(Madrid,Roterdan)..  G(Madrid,Roterdan) =L= 18000 ; (LHS = 0)
     
ProdMaxPuertos1(Madrid,Amberes)..  G(Madrid,Amberes) =L= 18000 ; (LHS = 0)
     
REMAINING 3 ENTRIES SKIPPED


---- ProdMaxPuertos2  =L=  producto maximo que puede circular por los puertos 2

ProdMaxPuertos2(Madrid,Barcelona)..  O(Madrid,Barcelona) =L= 18000 ; (LHS = 0)
     
ProdMaxPuertos2(Madrid,Valencia)..  O(Madrid,Valencia) =L= 18000 ; (LHS = 0)
     
ProdMaxPuertos2(Madrid,Marsella)..  O(Madrid,Marsella) =L= 18000 ; (LHS = 0)
     
REMAINING 3 ENTRIES SKIPPED


---- MinMercado  =G=  minimo de producto que debe de llegar a los mercados

MinMercado(AS)..  x(AS) =G= 5000 ; (LHS = 0, INFES = 5000 ****)
     
MinMercado(AN)..  x(AN) =G= 5000 ; (LHS = 0, INFES = 5000 ****)
     
MinMercado(EU)..  x(EU) =G= 5000 ; (LHS = 0, INFES = 5000 ****)
     
REMAINING 3 ENTRIES SKIPPED


---- MaxMercado  =L=  maximo de producto que debe de llegar a los mercados

MaxMercado(AS)..  x(AS) =L= 10000 ; (LHS = 0)
     
MaxMercado(AN)..  x(AN) =L= 10000 ; (LHS = 0)
     
MaxMercado(EU)..  x(EU) =L= 10000 ; (LHS = 0)
     
REMAINING 3 ENTRIES SKIPPED

GAMS 25.1.3  r4e34d435fbd Released Oct 30, 2018 WEX-WEI x86 64bit/MS Windows - 11/18/19 14:14:52 Page 3
G e n e r a l   A l g e b r a i c   M o d e l i n g   S y s t e m
Column Listing      SOLVE producto Using LP From line 142


---- z  beneficio menos los costes

z
                (.LO, .L, .UP, .M = -INF, 0, +INF, 0)
       -1       obj


---- x  numero de unidades vendidas en el mercado i

x(AS)
                (.LO, .L, .UP, .M = 0, 0, +INF, 0)
       20       obj
        1       MinMercado(AS)
        1       MaxMercado(AS)

x(AN)
                (.LO, .L, .UP, .M = 0, 0, +INF, 0)
       25       obj
        1       MinMercado(AN)
        1       MaxMercado(AN)

x(EU)
                (.LO, .L, .UP, .M = 0, 0, +INF, 0)
       30       obj
        1       MinMercado(EU)
        1       MaxMercado(EU)

REMAINING 3 ENTRIES SKIPPED

---- F  numero de componenetes que salen de la  factoria q  y van a los puertos l

F(A,Bilbao)
                (.LO, .L, .UP, .M = 0, 0, +INF, 0)
       -9       obj
        1       prodMax1(A,Bilbao)
        1       prodMin1(A,Bilbao)

F(A,Roterdan)
                (.LO, .L, .UP, .M = 0, 0, +INF, 0)
       -8       obj
        1       prodMax1(A,Roterdan)
        1       prodMin1(A,Roterdan)

F(A,Amberes)
                (.LO, .L, .UP, .M = 0, 0, +INF, 0)
       -2       obj
        1       prodMax1(A,Amberes)
        1       prodMin1(A,Amberes)

REMAINING 3 ENTRIES SKIPPED

---- Y  numeor de componenetes que salen de la factoria w  y van a los puertos p

Y(C,Barcelona)
                (.LO, .L, .UP, .M = 0, 0, +INF, 0)
       -9       obj
        1       prodMax2(C,Barcelona)
        1       prodMin2(C,Barcelona)

Y(C,Valencia)
                (.LO, .L, .UP, .M = 0, 0, +INF, 0)
       -7       obj
        1       prodMax2(C,Valencia)
        1       prodMin2(C,Valencia)

Y(C,Marsella)
                (.LO, .L, .UP, .M = 0, 0, +INF, 0)
       -7       obj
        1       prodMax2(C,Marsella)
        1       prodMin2(C,Marsella)

REMAINING 3 ENTRIES SKIPPED

---- G  numero de componentes que son transportados del puerto l al centro de ensamblaje t

G(Madrid,Bilbao)
                (.LO, .L, .UP, .M = 0, 0, +INF, 0)
       -3       obj
        1       MaxEsam(Madrid,Bilbao,Barcelona)
        1       MaxEsam(Madrid,Bilbao,Valencia)
        1       MaxEsam(Madrid,Bilbao,Marsella)
        1       ProdMaxPuertos1(Madrid,Bilbao)

G(Madrid,Roterdan)
                (.LO, .L, .UP, .M = 0, 0, +INF, 0)
       -4       obj
        1       MaxEsam(Madrid,Roterdan,Barcelona)
        1       MaxEsam(Madrid,Roterdan,Valencia)
        1       MaxEsam(Madrid,Roterdan,Marsella)
        1       ProdMaxPuertos1(Madrid,Roterdan)

G(Madrid,Amberes)
                (.LO, .L, .UP, .M = 0, 0, +INF, 0)
       -2       obj
        1       MaxEsam(Madrid,Amberes,Barcelona)
        1       MaxEsam(Madrid,Amberes,Valencia)
        1       MaxEsam(Madrid,Amberes,Marsella)
        1       ProdMaxPuertos1(Madrid,Amberes)

REMAINING 3 ENTRIES SKIPPED

---- O  numero de componentes que son transportado del puerto p al centro de ensamblaje t

O(Madrid,Barcelona)
                (.LO, .L, .UP, .M = 0, 0, +INF, 0)
       -4       obj
        1       MaxEsam(Madrid,Bilbao,Barcelona)
        1       MaxEsam(Madrid,Roterdan,Barcelona)
        1       MaxEsam(Madrid,Amberes,Barcelona)
        1       ProdMaxPuertos2(Madrid,Barcelona)

O(Madrid,Valencia)
                (.LO, .L, .UP, .M = 0, 0, +INF, 0)
       -3       obj
        1       MaxEsam(Madrid,Bilbao,Valencia)
        1       MaxEsam(Madrid,Roterdan,Valencia)
        1       MaxEsam(Madrid,Amberes,Valencia)
        1       ProdMaxPuertos2(Madrid,Valencia)

O(Madrid,Marsella)
                (.LO, .L, .UP, .M = 0, 0, +INF, 0)
       -2       obj
        1       MaxEsam(Madrid,Bilbao,Marsella)
        1       MaxEsam(Madrid,Roterdan,Marsella)
        1       MaxEsam(Madrid,Amberes,Marsella)
        1       ProdMaxPuertos2(Madrid,Marsella)

REMAINING 3 ENTRIES SKIPPED
GAMS 25.1.3  r4e34d435fbd Released Oct 30, 2018 WEX-WEI x86 64bit/MS Windows - 11/18/19 14:14:52 Page 4
G e n e r a l   A l g e b r a i c   M o d e l i n g   S y s t e m
Model Statistics    SOLVE producto Using LP From line 142


MODEL STATISTICS

BLOCKS OF EQUATIONS          10     SINGLE EQUATIONS           67
BLOCKS OF VARIABLES           6     SINGLE VARIABLES           31
NON ZERO ELEMENTS           115


GENERATION TIME      =        0.000 SECONDS      4 MB  25.1.3 r4e34d435fbd WEX-WEI


EXECUTION TIME       =        0.000 SECONDS      4 MB  25.1.3 r4e34d435fbd WEX-WEI
GAMS 25.1.3  r4e34d435fbd Released Oct 30, 2018 WEX-WEI x86 64bit/MS Windows - 11/18/19 14:14:52 Page 5
G e n e r a l   A l g e b r a i c   M o d e l i n g   S y s t e m
Solution Report     SOLVE producto Using LP From line 142


               S O L V E      S U M M A R Y

     MODEL   producto            OBJECTIVE  z
     TYPE    LP                  DIRECTION  MAXIMIZE
     SOLVER  CPLEX               FROM LINE  142

**** SOLVER STATUS     1 Normal Completion         
**** MODEL STATUS      4 Infeasible                
**** OBJECTIVE VALUE            66000.0000

 RESOURCE USAGE, LIMIT          0.078      1000.000
 ITERATION COUNT, LIMIT        18    2000000000

IBM ILOG CPLEX   25.1.3 r4e34d435fbd Released Oct 30, 2018 WEI x86 64bit/MS Wi
Cplex 12.8.0.0

Space for names approximately 0.00 Mb
Use option 'names no' to turn use of names off
LP status(3): infeasible
Cplex Time: 0.00sec (det. 0.01 ticks)
Rerunning with presolve turned off and solving with LPMETHOD=0
LP status(3): infeasible
Cplex Time: 0.05sec (det. 0.04 ticks)
Model has been proven infeasible.

                           LOWER          LEVEL          UPPER         MARGINAL

---- EQU obj                 .              .              .            -1.0000      

  obj  funcion objetivo que quiere maximizar los beneficios

---- EQU prodMax1  produccion maxima en las factorias componente 1

                  LOWER          LEVEL          UPPER         MARGINAL

A.Bilbao          -INF        28000.0000     28000.0000        -1.0000  NOPT
A.Roterdan        -INF        28000.0000     28000.0000        -1.0000  NOPT
A.Amberes         -INF        28000.0000     28000.0000        -1.0000  NOPT
B.Bilbao          -INF        25000.0000     25000.0000        -1.0000  NOPT
B.Roterdan        -INF        25000.0000     25000.0000        -1.0000  NOPT
B.Amberes         -INF        25000.0000     25000.0000        -1.0000  NOPT

---- EQU prodMax2  produccion maxima en las factorias componente 2

                   LOWER          LEVEL          UPPER         MARGINAL

C.Barcelona        -INF        30000.0000     35000.0000          .          
C.Valencia         -INF        30000.0000     35000.0000          .          
C.Marsella         -INF        30000.0000     35000.0000          .          
D.Barcelona        -INF        15000.0000     15000.0000        -1.0000  NOPT
D.Valencia         -INF        15000.0000     15000.0000        -1.0000  NOPT
D.Marsella         -INF        15000.0000     15000.0000        -1.0000  NOPT

---- EQU prodMin1  produccion minimo en las factorias componente 1

                  LOWER          LEVEL          UPPER         MARGINAL

A.Bilbao       30000.0000     28000.0000        +INF            1.0000 INFES
A.Roterdan     30000.0000     28000.0000        +INF            1.0000 INFES
A.Amberes      30000.0000     28000.0000        +INF            1.0000 INFES
B.Bilbao       30000.0000     25000.0000        +INF            1.0000 INFES
B.Roterdan     30000.0000     25000.0000        +INF            1.0000 INFES
B.Amberes      30000.0000     25000.0000        +INF            1.0000 INFES

---- EQU prodMin2  produccion minimo en las factorias componente 2

                   LOWER          LEVEL          UPPER         MARGINAL

C.Barcelona     30000.0000     30000.0000        +INF            EPS         
C.Valencia      30000.0000     30000.0000        +INF            EPS         
C.Marsella      30000.0000     30000.0000        +INF            EPS         
D.Barcelona     30000.0000     15000.0000        +INF            1.0000 INFES
D.Valencia      30000.0000     15000.0000        +INF            1.0000 INFES
D.Marsella      30000.0000     15000.0000        +INF            1.0000 INFES

---- EQU MaxEsam  capacidad maxima de ensamblaje de las fabricas de Madrid y Paris

                                 LOWER          LEVEL          UPPER         MARGINAL

Madrid.Bilbao  .Barcelona        -INF             .         25000.0000          .          
Madrid.Bilbao  .Valencia         -INF             .         25000.0000          .          
Madrid.Bilbao  .Marsella         -INF             .         25000.0000          .          
Madrid.Roterdan.Barcelona        -INF             .         25000.0000          .          
Madrid.Roterdan.Valencia         -INF             .         25000.0000          .          
Madrid.Roterdan.Marsella         -INF             .         25000.0000          .          
Madrid.Amberes .Barcelona        -INF             .         25000.0000          .          
Madrid.Amberes .Valencia         -INF             .         25000.0000          .          
Madrid.Amberes .Marsella         -INF             .         25000.0000          .          
Paris .Bilbao  .Barcelona        -INF             .         25000.0000          .          
Paris .Bilbao  .Valencia         -INF             .         25000.0000          .          
Paris .Bilbao  .Marsella         -INF             .         25000.0000          .          
Paris .Roterdan.Barcelona        -INF             .         25000.0000          .          
Paris .Roterdan.Valencia         -INF             .         25000.0000          .          
Paris .Roterdan.Marsella         -INF             .         25000.0000          .          
Paris .Amberes .Barcelona        -INF             .         25000.0000          .          
Paris .Amberes .Valencia         -INF             .         25000.0000          .          
Paris .Amberes .Marsella         -INF             .         25000.0000          .          

---- EQU ProdMaxPuertos1  producto maximo que puede circular por los puertos 1

                       LOWER          LEVEL          UPPER         MARGINAL

Madrid.Bilbao          -INF             .         18000.0000          .          
Madrid.Roterdan        -INF             .         18000.0000          .          
Madrid.Amberes         -INF             .         18000.0000          .          
Paris .Bilbao          -INF             .         18000.0000          .          
Paris .Roterdan        -INF             .         18000.0000          .          
Paris .Amberes         -INF             .         18000.0000          .          

---- EQU ProdMaxPuertos2  producto maximo que puede circular por los puertos 2

                        LOWER          LEVEL          UPPER         MARGINAL

Madrid.Barcelona        -INF             .         18000.0000          .          
Madrid.Valencia         -INF             .         18000.0000          .          
Madrid.Marsella         -INF             .         18000.0000          .          
Paris .Barcelona        -INF             .         18000.0000          .          
Paris .Valencia         -INF             .         18000.0000          .          
Paris .Marsella         -INF             .         18000.0000          .          

---- EQU MinMercado  minimo de producto que debe de llegar a los mercados

           LOWER          LEVEL          UPPER         MARGINAL

AS       5000.0000      5000.0000        +INF            EPS         
AN       5000.0000      5000.0000        +INF            EPS         
EU       5000.0000      5000.0000        +INF            EPS         
AF       5000.0000      5000.0000        +INF            EPS         
ASI      5000.0000      5000.0000        +INF            EPS         
OC       5000.0000      5000.0000        +INF            EPS         

---- EQU MaxMercado  maximo de producto que debe de llegar a los mercados

           LOWER          LEVEL          UPPER         MARGINAL

AS         -INF         5000.0000     10000.0000          .          
AN         -INF         5000.0000     10000.0000          .          
EU         -INF         5000.0000     10000.0000          .          
AF         -INF         5000.0000     10000.0000          .          
ASI        -INF         5000.0000     10000.0000          .          
OC         -INF         5000.0000     10000.0000          .          

                           LOWER          LEVEL          UPPER         MARGINAL

---- VAR z                 -INF        66000.0000        +INF             .          

  z  beneficio menos los costes

---- VAR x  numero de unidades vendidas en el mercado i

           LOWER          LEVEL          UPPER         MARGINAL

AS           .          5000.0000        +INF             .          
AN           .          5000.0000        +INF             .          
EU           .          5000.0000        +INF             .          
AF           .          5000.0000        +INF             .          
ASI          .          5000.0000        +INF             .          
OC           .          5000.0000        +INF             .          

---- VAR F  numero de componenetes que salen de la  factoria q  y van a los puertos l

                  LOWER          LEVEL          UPPER         MARGINAL

A.Bilbao            .         28000.0000        +INF             .          
A.Roterdan          .         28000.0000        +INF             .          
A.Amberes           .         28000.0000        +INF             .          
B.Bilbao            .         25000.0000        +INF             .          
B.Roterdan          .         25000.0000        +INF             .          
B.Amberes           .         25000.0000        +INF             .          

---- VAR Y  numeor de componenetes que salen de la factoria w  y van a los puertos p

                   LOWER          LEVEL          UPPER         MARGINAL

C.Barcelona          .         30000.0000        +INF             .          
C.Valencia           .         30000.0000        +INF             .          
C.Marsella           .         30000.0000        +INF             .          
D.Barcelona          .         15000.0000        +INF             .          
D.Valencia           .         15000.0000        +INF             .          
D.Marsella           .         15000.0000        +INF             .          

---- VAR G  numero de componentes que son transportados del puerto l al centro de ensamblaje t

                       LOWER          LEVEL          UPPER         MARGINAL

Madrid.Bilbao            .              .            +INF            EPS         
Madrid.Roterdan          .              .            +INF            EPS         
Madrid.Amberes           .              .            +INF            EPS         
Paris .Bilbao            .              .            +INF            EPS         
Paris .Roterdan          .              .            +INF            EPS         
Paris .Amberes           .              .            +INF            EPS         

---- VAR O  numero de componentes que son transportado del puerto p al centro de ensamblaje t

                        LOWER          LEVEL          UPPER         MARGINAL

Madrid.Barcelona          .              .            +INF            EPS         
Madrid.Valencia           .              .            +INF            EPS         
Madrid.Marsella           .              .            +INF            EPS         
Paris .Barcelona          .              .            +INF            EPS         
Paris .Valencia           .              .            +INF            EPS         
Paris .Marsella           .              .            +INF            EPS         


**** REPORT SUMMARY :        9     NONOPT ( NOPT)
                             9 INFEASIBLE (INFES)
                    SUM      66000.0000
                    MAX      15000.0000
                    MEAN      7333.3333
                             0  UNBOUNDED


EXECUTION TIME       =        0.000 SECONDS      2 MB  25.1.3 r4e34d435fbd WEX-WEI


USER: GAMS Development Corporation, USA              G871201/0000CA-ANY
      Free Demo, +1 202-342-0180, support@gams.com, www.gams.com DC0000


**** FILE SUMMARY

Input      D:\Apuntes\Tercero\IO\Practica1\practica1_alvaro.gms
Output     D:\Apuntes\Tercero\IO\Practica1\practica1_alvaro.lst
